Events disabled

running 1 test
unknown option: '--ignored'
test disk_cache::recovery::benchmark::benchmark_recovery has been running for over 60 seconds
Fixture: 99971787650 payload bytes, 64 metadata chunks, 110779424768 disk bytes, 274877906944 capacity bytes
disk recovery
source download sizes / 80778 entries / 64 shards
Events enabled
Events disabled
PROFILE,1,35920179,0.506695000,64,67108864,0.369883220
Events enabled
Events disabled
PROFILE,2,19826089,0.157735000,64,67108864,0.403281092
Events enabled
Events disabled
PROFILE,3,20139121,0.157523000,64,67108864,0.391977399
Events enabled
Events disabled
PROFILE,4,21515091,0.150614000,64,67108864,0.491454599
Events enabled
Events disabled
PROFILE,5,16867480,0.146708000,64,67108864,0.357519716
Events enabled
Events disabled
PROFILE,6,18193022,0.154209000,64,67108864,0.368118953
Events enabled
Events disabled
PROFILE,7,18019069,0.153341000,64,67108864,0.357324058
Events enabled
Events disabled
PROFILE,8,18552973,0.155132000,64,67108864,0.363734532
Events enabled
Events disabled
PROFILE,9,19079185,0.148625000,64,67108864,0.342781655
Events enabled
Events disabled
PROFILE,10,20161869,0.154741000,64,67108864,0.367610888
Events enabled
Events disabled
PROFILE,11,17900192,0.150368000,64,67108864,0.351271984
Events enabled
Events disabled
PROFILE,12,23330694,0.151239000,64,67108864,0.410780984
Events enabled
Events disabled
PROFILE,13,19677247,0.150236000,64,67108864,0.355482603
Events enabled
Events disabled
PROFILE,14,20126920,0.150503000,64,67108864,0.347124169
Events enabled
Events disabled
PROFILE,15,19720900,0.151956000,64,67108864,0.382353516
Events enabled
Events disabled
PROFILE,16,21497731,0.151211000,64,67108864,0.348487497
Events enabled
Events disabled
PROFILE,17,19993567,0.152711000,64,67108864,0.331409537
Events enabled
Events disabled
PROFILE,18,26017996,0.154659000,64,67108864,0.370261628
Events enabled
Events disabled
PROFILE,19,21143524,0.151365000,64,67108864,0.397387992
Events enabled
Events disabled
PROFILE,20,20933055,0.150151000,64,67108864,0.379830703
Events enabled
Events disabled
PROFILE,21,21230451,0.153991000,64,67108864,0.406112551
Events enabled
Events disabled
PROFILE,22,28061660,0.151585000,64,67108864,0.560703154
Events enabled
Events disabled
PROFILE,23,28822272,0.149323000,64,67108864,0.593625970
Events enabled
Events disabled
PROFILE,24,29345683,0.149994000,64,67108864,0.629081904
Events enabled
Events disabled
PROFILE,25,29595812,0.152093000,64,67108864,0.618837900
Events enabled
Events disabled
PROFILE,26,27895248,0.151975000,64,67108864,0.472278709
Events enabled
Events disabled
PROFILE,27,29289227,0.149196000,64,67108864,0.615692370
Events enabled
Events disabled
PROFILE,28,32383005,0.149400000,64,67108864,0.610648091
Events enabled
Events disabled
PROFILE,29,29663052,0.148211000,64,67108864,0.631110909
Events enabled
Events disabled
PROFILE,30,28778349,0.148616000,64,67108864,0.567437234
Events enabled
Events disabled
PROFILE,31,28676367,0.155667000,64,67108864,0.568754996
Events enabled
Events disabled
PROFILE,32,34394165,0.149656000,64,67108864,0.606968938
Events enabled
Events disabled
PROFILE,33,28833727,0.151535000,64,67108864,0.461688921
Events enabled
Events disabled
PROFILE,34,31751723,0.153428000,64,67108864,0.461310594
Events enabled
Events disabled
PROFILE,35,29361922,0.154502000,64,67108864,0.515174596
Events enabled
Events disabled
PROFILE,36,32086582,0.151352000,64,67108864,0.611426182
Events enabled
Events disabled
PROFILE,37,31563361,0.149413000,64,67108864,0.606623710
Events enabled
Events disabled
PROFILE,38,31089473,0.150312000,64,67108864,0.576189422
Events enabled
Events disabled
PROFILE,39,30763240,0.153238000,64,67108864,0.587080372
Events enabled
Events disabled
PROFILE,40,28501090,0.153026000,64,67108864,0.466816526
Events enabled
Events disabled
PROFILE,41,30202457,0.152536000,64,67108864,0.461294589
Events enabled
Events disabled
PROFILE,42,31661860,0.150218000,64,67108864,0.604198319
Events enabled
Events disabled
PROFILE,43,30794905,0.150633000,64,67108864,0.578167849
Events enabled
Events disabled
PROFILE,44,32992157,0.149312000,64,67108864,0.613142866
Events enabled
Events disabled
PROFILE,45,30803231,0.151560000,64,67108864,0.590250870
Events enabled
Events disabled
PROFILE,46,32211215,0.150476000,64,67108864,0.606403312
Events enabled
Events disabled
PROFILE,47,29656506,0.154159000,64,67108864,0.478608452
Events enabled
Events disabled
PROFILE,48,33667077,0.153222000,64,67108864,0.590946912
Events enabled
Events disabled
PROFILE,49,19137891,0.145340000,64,67108864,0.460112223
Events enabled
Events disabled
PROFILE,50,22736292,0.139549000,64,67108864,0.585008253
Events enabled
Events disabled
PROFILE,51,20217734,0.140804000,64,67108864,0.614055997
Events enabled
Events disabled
PROFILE,52,23069927,0.142022000,64,67108864,0.586289134
Events enabled
Events disabled
PROFILE,53,25533669,0.143721000,64,67108864,0.587991370
Events enabled
Events disabled
PROFILE,54,22939874,0.141946000,64,67108864,0.611061997
Events enabled
Events disabled
PROFILE,55,23763487,0.141577000,64,67108864,0.483102541
Events enabled
Events disabled
PROFILE,56,22047543,0.140928000,64,67108864,0.593766659
Events enabled
Events disabled
PROFILE,57,22837651,0.142157000,64,67108864,0.599399116
Events enabled
Events disabled
PROFILE,58,24168044,0.145457000,64,67108864,0.619274024
Events enabled
Events disabled
PROFILE,59,25721840,0.142051000,64,67108864,0.609983365
Events enabled
Events disabled
PROFILE,60,22216876,0.144937000,64,67108864,0.455554066
Events enabled
Events disabled
PROFILE,61,21497762,0.142224000,64,67108864,0.456553392
Events enabled
Events disabled
PROFILE,62,21298464,0.143973000,64,67108864,0.456881395
Events enabled
Events disabled
PROFILE,63,24682985,0.143641000,64,67108864,0.621801866
Events enabled
Events disabled
PROFILE,64,22529188,0.143811000,64,67108864,0.457310447
Events enabled
Events disabled
PROFILE,65,19478893,0.144019000,64,67108864,0.399512966
Events enabled
Events disabled
PROFILE,66,20111727,0.144219000,64,67108864,0.423900540
Events enabled
Events disabled
PROFILE,67,19665975,0.143272000,64,67108864,0.364878042
Events enabled
Events disabled
PROFILE,68,21293020,0.144785000,64,67108864,0.429024361
Events enabled
Events disabled
PROFILE,69,21205294,0.143984000,64,67108864,0.420631615
Events enabled
Events disabled
PROFILE,70,19547108,0.142775000,64,67108864,0.399349384
Events enabled
Events disabled
PROFILE,71,20999034,0.145482000,64,67108864,0.406399444
Events enabled
Events disabled
PROFILE,72,21702868,0.143972000,64,67108864,0.387257281
Events enabled
Events disabled
PROFILE,73,21175795,0.143469000,64,67108864,0.401331490
Events enabled
Events disabled
PROFILE,74,20881036,0.145747000,64,67108864,0.389725147
Events enabled
Events disabled
PROFILE,75,22798565,0.144324000,64,67108864,0.433935892
Events enabled
Events disabled
PROFILE,76,22260164,0.143743000,64,67108864,0.391120315
Events enabled
Events disabled
PROFILE,77,22934582,0.145911000,64,67108864,0.412078334
Events enabled
Events disabled
PROFILE,78,22355381,0.147005000,64,67108864,0.378283822
Events enabled
Events disabled
PROFILE,79,23268152,0.145832000,64,67108864,0.442693585
Events enabled
Events disabled
PROFILE,80,23482193,0.146297000,64,67108864,0.393026578
Events enabled
Events disabled
PROFILE,81,22698478,0.147278000,64,67108864,0.387926535
Events enabled
Events disabled
PROFILE,82,24326244,0.146141000,64,67108864,0.406258319
Events enabled
Events disabled
PROFILE,83,25394558,0.146361000,64,67108864,0.471319978
Events enabled
Events disabled
PROFILE,84,25751377,0.149775000,64,67108864,0.459333520
Events enabled
Events disabled
PROFILE,85,26611429,0.146602000,64,67108864,0.460134360
Events enabled
Events disabled
PROFILE,86,29124796,0.147924000,64,67108864,0.476666104
Events enabled
Events disabled
PROFILE,87,29030676,0.146913000,64,67108864,0.600308853
Events enabled
Events disabled
PROFILE,88,30920516,0.148656000,64,67108864,0.637925623
Events enabled
Events disabled
PROFILE,89,31626679,0.149258000,64,67108864,0.587742762
Events enabled
Events disabled
PROFILE,90,29730327,0.148516000,64,67108864,0.581691041
Events enabled
Events disabled
PROFILE,91,29901186,0.147718000,64,67108864,0.603547818
Events enabled
Events disabled
PROFILE,92,32993429,0.148011000,64,67108864,0.624549525
Events enabled
Events disabled
PROFILE,93,33405754,0.147727000,64,67108864,0.596926734
Events enabled
Events disabled
PROFILE,94,27411775,0.149928000,64,67108864,0.431467489
Events enabled
Events disabled
PROFILE,95,32991936,0.149310000,64,67108864,0.635931873
Events enabled
Events disabled
PROFILE,96,30602191,0.148426000,64,67108864,0.550036059
Events enabled
Events disabled
PROFILE,97,33160421,0.149924000,64,67108864,0.590952197
Events enabled
Events disabled
PROFILE,98,30307789,0.151112000,64,67108864,0.580800933
Events enabled
Events disabled
PROFILE,99,33780060,0.149426000,64,67108864,0.620321906
Events enabled
Events disabled
PROFILE,100,29487968,0.149604000,64,67108864,0.429541045
open        Avg: 25.5951ms     Median: 24.5046ms     [16.8675ms .. 35.9202ms]    Output: 80_778
test disk_cache::recovery::benchmark::benchmark_recovery ... ok

test result: ok. 1 passed; 0 failed; 0 ignored; 0 measured; 124 filtered out; finished in 116.20s

[ perf record: Woken up 289 times to write data ]
[ perf record: Captured and wrote 25.598 MB cpu.data (124193 samples) ]
